Archive member included to satisfy reference by file (symbol)

d:/program files (x86)/st/stm32cubeide_1.9.0stm32cubeide_1.9.0/stm32cubeide/plugins/com.st.stm32cube.ide.mcu.externaltools.gnu-tools-for-stm32.10.3-2021.10.win32_1.0.0.202111181127/tools/bin/../lib/gcc/arm-none-eabi/10.3.1/../../../../arm-none-eabi/lib/thumb/v7e-m+fp/hard\libc_nano.a(lib_a-errno.o)
                              ./Core/Src/syscalls.o (__errno)
d:/program files (x86)/st/stm32cubeide_1.9.0stm32cubeide_1.9.0/stm32cubeide/plugins/com.st.stm32cube.ide.mcu.externaltools.gnu-tools-for-stm32.10.3-2021.10.win32_1.0.0.202111181127/tools/bin/../lib/gcc/arm-none-eabi/10.3.1/../../../../arm-none-eabi/lib/thumb/v7e-m+fp/hard\libc_nano.a(lib_a-exit.o)
                              d:/program files (x86)/st/stm32cubeide_1.9.0stm32cubeide_1.9.0/stm32cubeide/plugins/com.st.stm32cube.ide.mcu.externaltools.gnu-tools-for-stm32.10.3-2021.10.win32_1.0.0.202111181127/tools/bin/../lib/gcc/arm-none-eabi/10.3.1/../../../../arm-none-eabi/lib/thumb/v7e-m+fp/hard/crt0.o (exit)
d:/program files (x86)/st/stm32cubeide_1.9.0stm32cubeide_1.9.0/stm32cubeide/plugins/com.st.stm32cube.ide.mcu.externaltools.gnu-tools-for-stm32.10.3-2021.10.win32_1.0.0.202111181127/tools/bin/../lib/gcc/arm-none-eabi/10.3.1/../../../../arm-none-eabi/lib/thumb/v7e-m+fp/hard\libc_nano.a(lib_a-impure.o)
                              d:/program files (x86)/st/stm32cubeide_1.9.0stm32cubeide_1.9.0/stm32cubeide/plugins/com.st.stm32cube.ide.mcu.externaltools.gnu-tools-for-stm32.10.3-2021.10.win32_1.0.0.202111181127/tools/bin/../lib/gcc/arm-none-eabi/10.3.1/../../../../arm-none-eabi/lib/thumb/v7e-m+fp/hard\libc_nano.a(lib_a-exit.o) (_global_impure_ptr)
d:/program files (x86)/st/stm32cubeide_1.9.0stm32cubeide_1.9.0/stm32cubeide/plugins/com.st.stm32cube.ide.mcu.externaltools.gnu-tools-for-stm32.10.3-2021.10.win32_1.0.0.202111181127/tools/bin/../lib/gcc/arm-none-eabi/10.3.1/../../../../arm-none-eabi/lib/thumb/v7e-m+fp/hard\libc_nano.a(lib_a-init.o)
                              d:/program files (x86)/st/stm32cubeide_1.9.0stm32cubeide_1.9.0/stm32cubeide/plugins/com.st.stm32cube.ide.mcu.externaltools.gnu-tools-for-stm32.10.3-2021.10.win32_1.0.0.202111181127/tools/bin/../lib/gcc/arm-none-eabi/10.3.1/../../../../arm-none-eabi/lib/thumb/v7e-m+fp/hard/crt0.o (__libc_init_array)
d:/program files (x86)/st/stm32cubeide_1.9.0stm32cubeide_1.9.0/stm32cubeide/plugins/com.st.stm32cube.ide.mcu.externaltools.gnu-tools-for-stm32.10.3-2021.10.win32_1.0.0.202111181127/tools/bin/../lib/gcc/arm-none-eabi/10.3.1/../../../../arm-none-eabi/lib/thumb/v7e-m+fp/hard\libc_nano.a(lib_a-memset.o)
                              d:/program files (x86)/st/stm32cubeide_1.9.0stm32cubeide_1.9.0/stm32cubeide/plugins/com.st.stm32cube.ide.mcu.externaltools.gnu-tools-for-stm32.10.3-2021.10.win32_1.0.0.202111181127/tools/bin/../lib/gcc/arm-none-eabi/10.3.1/../../../../arm-none-eabi/lib/thumb/v7e-m+fp/hard/crt0.o (memset)
d:/program files (x86)/st/stm32cubeide_1.9.0stm32cubeide_1.9.0/stm32cubeide/plugins/com.st.stm32cube.ide.mcu.externaltools.gnu-tools-for-stm32.10.3-2021.10.win32_1.0.0.202111181127/tools/bin/../lib/gcc/arm-none-eabi/10.3.1/thumb/v7e-m+fp/hard\libgcc.a(_arm_muldf3.o)
                              ./Core/Src/main.o (__aeabi_dmul)
d:/program files (x86)/st/stm32cubeide_1.9.0stm32cubeide_1.9.0/stm32cubeide/plugins/com.st.stm32cube.ide.mcu.externaltools.gnu-tools-for-stm32.10.3-2021.10.win32_1.0.0.202111181127/tools/bin/../lib/gcc/arm-none-eabi/10.3.1/thumb/v7e-m+fp/hard\libgcc.a(_arm_addsubdf3.o)
                              ./Core/Src/main.o (__aeabi_dsub)
d:/program files (x86)/st/stm32cubeide_1.9.0stm32cubeide_1.9.0/stm32cubeide/plugins/com.st.stm32cube.ide.mcu.externaltools.gnu-tools-for-stm32.10.3-2021.10.win32_1.0.0.202111181127/tools/bin/../lib/gcc/arm-none-eabi/10.3.1/thumb/v7e-m+fp/hard\libgcc.a(_arm_muldivdf3.o)
                              ./Core/Src/main.o (__aeabi_ddiv)
d:/program files (x86)/st/stm32cubeide_1.9.0stm32cubeide_1.9.0/stm32cubeide/plugins/com.st.stm32cube.ide.mcu.externaltools.gnu-tools-for-stm32.10.3-2021.10.win32_1.0.0.202111181127/tools/bin/../lib/gcc/arm-none-eabi/10.3.1/thumb/v7e-m+fp/hard\libgcc.a(_arm_cmpdf2.o)
                              ./Core/Src/main.o (__aeabi_dcmpeq)
d:/program files (x86)/st/stm32cubeide_1.9.0stm32cubeide_1.9.0/stm32cubeide/plugins/com.st.stm32cube.ide.mcu.externaltools.gnu-tools-for-stm32.10.3-2021.10.win32_1.0.0.202111181127/tools/bin/../lib/gcc/arm-none-eabi/10.3.1/thumb/v7e-m+fp/hard\libgcc.a(_arm_fixunsdfsi.o)
                              ./Core/Src/main.o (__aeabi_d2uiz)
d:/program files (x86)/st/stm32cubeide_1.9.0stm32cubeide_1.9.0/stm32cubeide/plugins/com.st.stm32cube.ide.mcu.externaltools.gnu-tools-for-stm32.10.3-2021.10.win32_1.0.0.202111181127/tools/bin/../lib/gcc/arm-none-eabi/10.3.1/thumb/v7e-m+fp/hard\libgcc.a(_aeabi_uldivmod.o)
                              ./Drivers/STM32G4xx_HAL_Driver/Src/stm32g4xx_hal_uart.o (__aeabi_uldivmod)
[...]
Memory Configuration

Name             Origin             Length             Attributes
RAM              0x0000000020000000 0x0000000000008000 xrw
FLASH            0x0000000008000000 0x0000000000020000 xr
*default*        0x0000000000000000 0xffffffffffffffff

Linker script and memory map

LOAD d:/program files (x86)/st/stm32cubeide_1.9.0stm32cubeide_1.9.0/stm32cubeide/plugins/com.st.stm32cube.ide.mcu.externaltools.gnu-tools-for-stm32.10.3-2021.10.win32_1.0.0.202111181127/tools/bin/../lib/gcc/arm-none-eabi/10.3.1/thumb/v7e-m+fp/hard/crti.o
LOAD d:/program files (x86)/st/stm32cubeide_1.9.0stm32cubeide_1.9.0/stm32cubeide/plugins/com.st.stm32cube.ide.mcu.externaltools.gnu-tools-for-stm32.10.3-2021.10.win32_1.0.0.202111181127/tools/bin/../lib/gcc/arm-none-eabi/10.3.1/thumb/v7e-m+fp/hard/crtbegin.o
LOAD d:/program files (x86)/st/stm32cubeide_1.9.0stm32cubeide_1.9.0/stm32cubeide/plugins/com.st.stm32cube.ide.mcu.externaltools.gnu-tools-for-stm32.10.3-2021.10.win32_1.0.0.202111181127/tools/bin/../lib/gcc/arm-none-eabi/10.3.1/../../../../arm-none-eabi/lib/thumb/v7e-m+fp/hard/crt0.o
LOAD ./Core/Src/main.o
LOAD ./Core/Src/stm32g4xx_hal_msp.o
LOAD ./Core/Src/stm32g4xx_it.o
LOAD ./Core/Src/syscalls.o
LOAD ./Core/Src/sysmem.o
LOAD ./Core/Src/system_stm32g4xx.o
LOAD ./Core/Startup/startup_stm32g431rbtx.o
LOAD ./Drivers/STM32G4xx_HAL_Driver/Src/stm32g4xx_hal.o
LOAD ./Drivers/STM32G4xx_HAL_Driver/Src/stm32g4xx_hal_cortex.o
LOAD ./Drivers/STM32G4xx_HAL_Driver/Src/stm32g4xx_hal_dma.o
LOAD ./Drivers/STM32G4xx_HAL_Driver/Src/stm32g4xx_hal_dma_ex.o
LOAD ./Drivers/STM32G4xx_HAL_Driver/Src/stm32g4xx_hal_exti.o
LOAD ./Drivers/STM32G4xx_HAL_Driver/Src/stm32g4xx_hal_flash.o
LOAD ./Drivers/STM32G4xx_HAL_Driver/Src/stm32g4xx_hal_flash_ex.o
LOAD ./Drivers/STM32G4xx_HAL_Driver/Src/stm32g4xx_hal_flash_ramfunc.o
LOAD ./Drivers/STM32G4xx_HAL_Driver/Src/stm32g4xx_hal_gpio.o
LOAD ./Drivers/STM32G4xx_HAL_Driver/Src/stm32g4xx_hal_pwr.o
LOAD ./Drivers/STM32G4xx_HAL_Driver/Src/stm32g4xx_hal_pwr_ex.o
LOAD ./Drivers/STM32G4xx_HAL_Driver/Src/stm32g4xx_hal_rcc.o
LOAD ./Drivers/STM32G4xx_HAL_Driver/Src/stm32g4xx_hal_rcc_ex.o
LOAD ./Drivers/STM32G4xx_HAL_Driver/Src/stm32g4xx_hal_tim.o
LOAD ./Drivers/STM32G4xx_HAL_Driver/Src/stm32g4xx_hal_tim_ex.o
LOAD ./Drivers/STM32G4xx_HAL_Driver/Src/stm32g4xx_hal_uart.o
LOAD ./Drivers/STM32G4xx_HAL_Driver/Src/stm32g4xx_hal_uart_ex.o
START GROUP
LOAD d:/program files (x86)/st/stm32cubeide_1.9.0stm32cubeide_1.9.0/stm32cubeide/plugins/com.st.stm32cube.ide.mcu.externaltools.gnu-tools-for-stm32.10.3-2021.10.win32_1.0.0.202111181127/tools/bin/../lib/gcc/arm-none-eabi/10.3.1/../../../../arm-none-eabi/lib/thumb/v7e-m+fp/hard\libc_nano.a
LOAD d:/program files (x86)/st/stm32cubeide_1.9.0stm32cubeide_1.9.0/stm32cubeide/plugins/com.st.stm32cube.ide.mcu.externaltools.gnu-tools-for-stm32.10.3-2021.10.win32_1.0.0.202111181127/tools/bin/../lib/gcc/arm-none-eabi/10.3.1/../../../../arm-none-eabi/lib/thumb/v7e-m+fp/hard\libm.a
END GROUP
START GROUP
LOAD d:/program files (x86)/st/stm32cubeide_1.9.0stm32cubeide_1.9.0/stm32cubeide/plugins/com.st.stm32cube.ide.mcu.externaltools.gnu-tools-for-stm32.10.3-2021.10.win32_1.0.0.202111181127/tools/bin/../lib/gcc/arm-none-eabi/10.3.1/thumb/v7e-m+fp/hard\libgcc.a
LOAD d:/program files (x86)/st/stm32cubeide_1.9.0stm32cubeide_1.9.0/stm32cubeide/plugins/com.st.stm32cube.ide.mcu.externaltools.gnu-tools-for-stm32.10.3-2021.10.win32_1.0.0.202111181127/tools/bin/../lib/gcc/arm-none-eabi/10.3.1/../../../../arm-none-eabi/lib/thumb/v7e-m+fp/hard\libc_nano.a
END GROUP
START GROUP
LOAD d:/program files (x86)/st/stm32cubeide_1.9.0stm32cubeide_1.9.0/stm32cubeide/plugins/com.st.stm32cube.ide.mcu.externaltools.gnu-tools-for-stm32.10.3-2021.10.win32_1.0.0.202111181127/tools/bin/../lib/gcc/arm-none-eabi/10.3.1/thumb/v7e-m+fp/hard\libgcc.a
LOAD d:/program files (x86)/st/stm32cubeide_1.9.0stm32cubeide_1.9.0/stm32cubeide/plugins/com.st.stm32cube.ide.mcu.externaltools.gnu-tools-for-stm32.10.3-2021.10.win32_1.0.0.202111181127/tools/bin/../lib/gcc/arm-none-eabi/10.3.1/../../../../arm-none-eabi/lib/thumb/v7e-m+fp/hard\libc_nano.a
LOAD d:/program files (x86)/st/stm32cubeide_1.9.0stm32cubeide_1.9.0/stm32cubeide/plugins/com.st.stm32cube.ide.mcu.externaltools.gnu-tools-for-stm32.10.3-2021.10.win32_1.0.0.202111181127/tools/bin/../lib/gcc/arm-none-eabi/10.3.1/../../../../arm-none-eabi/lib/thumb/v7e-m+fp/hard\libnosys.a
END GROUP
START GROUP
LOAD d:/program files (x86)/st/stm32cubeide_1.9.0stm32cubeide_1.9.0/stm32cubeide/plugins/com.st.stm32cube.ide.mcu.externaltools.gnu-tools-for-stm32.10.3-2021.10.win32_1.0.0.202111181127/tools/bin/../lib/gcc/arm-none-eabi/10.3.1/thumb/v7e-m+fp/hard\libgcc.a
LOAD d:/program files (x86)/st/stm32cubeide_1.9.0stm32cubeide_1.9.0/stm32cubeide/plugins/com.st.stm32cube.ide.mcu.externaltools.gnu-tools-for-stm32.10.3-2021.10.win32_1.0.0.202111181127/tools/bin/../lib/gcc/arm-none-eabi/10.3.1/../../../../arm-none-eabi/lib/thumb/v7e-m+fp/hard\libc_nano.a
LOAD d:/program files (x86)/st/stm32cubeide_1.9.0stm32cubeide_1.9.0/stm32cubeide/plugins/com.st.stm32cube.ide.mcu.externaltools.gnu-tools-for-stm32.10.3-2021.10.win32_1.0.0.202111181127/tools/bin/../lib/gcc/arm-none-eabi/10.3.1/../../../../arm-none-eabi/lib/thumb/v7e-m+fp/hard\libnosys.a
END GROUP
LOAD d:/program files (x86)/st/stm32cubeide_1.9.0stm32cubeide_1.9.0/stm32cubeide/plugins/com.st.stm32cube.ide.mcu.externaltools.gnu-tools-for-stm32.10.3-2021.10.win32_1.0.0.202111181127/tools/bin/../lib/gcc/arm-none-eabi/10.3.1/thumb/v7e-m+fp/hard/crtend.o
LOAD d:/program files (x86)/st/stm32cubeide_1.9.0stm32cubeide_1.9.0/stm32cubeide/plugins/com.st.stm32cube.ide.mcu.externaltools.gnu-tools-for-stm32.10.3-2021.10.win32_1.0.0.202111181127/tools/bin/../lib/gcc/arm-none-eabi/10.3.1/thumb/v7e-m+fp/hard/crtn.o
                0x0000000020008000                _estack = (ORIGIN (RAM) + LENGTH (RAM))
                0x0000000000000200                _Min_Heap_Size = 0x200
                0x0000000000000400                _Min_Stack_Size = 0x400

.isr_vector     0x0000000008000000      0x1d8
                0x0000000008000000                . = ALIGN (0x4)
 *(.isr_vector)
 .isr_vector    0x0000000008000000      0x1d8 ./Core/Startup/startup_stm32g431rbtx.o
                0x0000000008000000                g_pfnVectors
                0x00000000080001d8                . = ALIGN (0x4)

.text           0x00000000080001d8     0x4b44
                0x00000000080001d8                . = ALIGN (0x4)
 *(.text)
 .text          0x00000000080001d8       0x40 d:/program files (x86)/st/stm32cubeide_1.9.0stm32cubeide_1.9.0/stm32cubeide/plugins/com.st.stm32cube.ide.mcu.externaltools.gnu-tools-for-stm32.10.3-2021.10.win32_1.0.0.202111181127/tools/bin/../lib/gcc/arm-none-eabi/10.3.1/thumb/v7e-m+fp/hard/crtbegin.o
 .text          0x0000000008000218      0x378 d:/program files (x86)/st/stm32cubeide_1.9.0stm32cubeide_1.9.0/stm32cubeide/plugins/com.st.stm32cube.ide.mcu.externaltools.gnu-tools-for-stm32.10.3-2021.10.win32_1.0.0.202111181127/tools/bin/../lib/gcc/arm-none-eabi/10.3.1/thumb/v7e-m+fp/hard\libgcc.a(_arm_addsubdf3.o)
                0x0000000008000218                __aeabi_drsub
                0x0000000008000220                __aeabi_dsub
                0x0000000008000220                __subdf3
                0x0000000008000224                __aeabi_dadd
                0x0000000008000224                __adddf3
                0x000000000800049c                __floatunsidf
                0x000000000800049c                __aeabi_ui2d
                0x00000000080004bc                __floatsidf
                0x00000000080004bc                __aeabi_i2d
                0x00000000080004e0                __aeabi_f2d
                0x00000000080004e0                __extendsfdf2
                0x0000000008000524                __floatundidf
                0x0000000008000524                __aeabi_ul2d
                0x0000000008000534                __floatdidf
                0x0000000008000534                __aeabi_l2d
 .text          0x0000000008000590      0x424 d:/program files (x86)/st/stm32cubeide_1.9.0stm32cubeide_1.9.0/stm32cubeide/plugins/com.st.stm32cube.ide.mcu.externaltools.gnu-tools-for-stm32.10.3-2021.10.win32_1.0.0.202111181127/tools/bin/../lib/gcc/arm-none-eabi/10.3.1/thumb/v7e-m+fp/hard\libgcc.a(_arm_muldivdf3.o)
                0x0000000008000590                __aeabi_dmul
                0x0000000008000590                __muldf3
                0x00000000080007e4                __divdf3
                0x00000000080007e4                __aeabi_ddiv
 .text          0x00000000080009b4      0x110 d:/program files (x86)/st/stm32cubeide_1.9.0stm32cubeide_1.9.0/stm32cubeide/plugins/com.st.stm32cube.ide.mcu.externaltools.gnu-tools-for-stm32.10.3-2021.10.win32_1.0.0.202111181127/tools/bin/../lib/gcc/arm-none-eabi/10.3.1/thumb/v7e-m+fp/hard\libgcc.a(_arm_cmpdf2.o)
                0x00000000080009b4                __gtdf2
                0x00000000080009b4                __gedf2
                0x00000000080009bc                __ltdf2
                0x00000000080009bc                __ledf2
                0x00000000080009c4                __nedf2
                0x00000000080009c4                __eqdf2
                0x00000000080009c4                __cmpdf2
                0x0000000008000a40                __aeabi_cdrcmple
                0x0000000008000a50                __aeabi_cdcmpeq
                0x0000000008000a50                __aeabi_cdcmple
                0x0000000008000a60                __aeabi_dcmpeq
                0x0000000008000a74                __aeabi_dcmplt
                0x0000000008000a88                __aeabi_dcmple
                0x0000000008000a9c                __aeabi_dcmpge
                0x0000000008000ab0                __aeabi_dcmpgt
 .text          0x0000000008000ac4       0x40 d:/program files (x86)/st/stm32cubeide_1.9.0stm32cubeide_1.9.0/stm32cubeide/plugins/com.st.stm32cube.ide.mcu.externaltools.gnu-tools-for-stm32.10.3-2021.10.win32_1.0.0.202111181127/tools/bin/../lib/gcc/arm-none-eabi/10.3.1/thumb/v7e-m+fp/hard\libgcc.a(_arm_fixunsdfsi.o)
                0x0000000008000ac4                __aeabi_d2uiz
                0x0000000008000ac4                __fixunsdfsi
 .text          0x0000000008000b04       0x30 d:/program files (x86)/st/stm32cubeide_1.9.0stm32cubeide_1.9.0/stm32cubeide/plugins/com.st.stm32cube.ide.mcu.externaltools.gnu-tools-for-stm32.10.3-2021.10.win32_1.0.0.202111181127/tools/bin/../lib/gcc/arm-none-eabi/10.3.1/thumb/v7e-m+fp/hard\libgcc.a(_aeabi_uldivmod.o)
                0x0000000008000b04                __aeabi_uldivmod
 .text          0x0000000008000b34      0x2d0 d:/program files (x86)/st/stm32cubeide_1.9.0stm32cubeide_1.9.0/stm32cubeide/plugins/com.st.stm32cube.ide.mcu.externaltools.gnu-tools-for-stm32.10.3-2021.10.win32_1.0.0.202111181127/tools/bin/../lib/gcc/arm-none-eabi/10.3.1/thumb/v7e-m+fp/hard\libgcc.a(_udivmoddi4.o)
                0x0000000008000b34                __udivmoddi4
 .text          0x0000000008000e04        0x4 d:/program files (x86)/st/stm32cubeide_1.9.0stm32cubeide_1.9.0/stm32cubeide/plugins/com.st.stm32cube.ide.mcu.externaltools.gnu-tools-for-stm32.10.3-2021.10.win32_1.0.0.202111181127/tools/bin/../lib/gcc/arm-none-eabi/10.3.1/thumb/v7e-m+fp/hard\libgcc.a(_dvmd_tls.o)
                0x0000000008000e04                __aeabi_idiv0
                0x0000000008000e04                __aeabi_ldiv0
 *(.text*)
 .text.setPWM   0x0000000008000e08       0xbc ./Core/Src/main.o
                0x0000000008000e08                setPWM
 *fill*         0x0000000008000ec4        0x4 
 .text.init_buzzer
                0x0000000008000ec8       0x6c ./Core/Src/main.o
                0x0000000008000ec8                init_buzzer
 .text.HAL_GPIO_EXTI_Callback
                0x0000000008000f34      0x1f8 ./Core/Src/main.o
                0x0000000008000f34                HAL_GPIO_EXTI_Callback
 *fill*         0x000000000800112c        0x4 
 .text.play_music
                0x0000000008001130      0x180 ./Core/Src/main.o
                0x0000000008001130                play_music
 .text.main     0x00000000080012b0       0x9c ./Core/Src/main.o
                0x00000000080012b0                main
 .text.SystemClock_Config
                0x000000000800134c       0x92 ./Core/Src/main.o
                0x000000000800134c                SystemClock_Config
 *fill*         0x00000000080013de        0x2 
 .text.MX_LPUART1_UART_Init
                0x00000000080013e0       0x94 ./Core/Src/main.o
 .text.MX_TIM3_Init
                0x0000000008001474       0xf4 ./Core/Src/main.o
 .text.MX_GPIO_Init
                0x0000000008001568      0x13c ./Core/Src/main.o
 .text.Error_Handler
                0x00000000080016a4        0xa ./Core/Src/main.o
                0x00000000080016a4                Error_Handler
 *fill*         0x00000000080016ae        0x2 
 .text.HAL_MspInit
                0x00000000080016b0       0x48 ./Core/Src/stm32g4xx_hal_msp.o
                0x00000000080016b0                HAL_MspInit
 .text.HAL_UART_MspInit
                0x00000000080016f8       0xb0 ./Core/Src/stm32g4xx_hal_msp.o
                0x00000000080016f8                HAL_UART_MspInit
 .text.HAL_TIM_Base_MspInit
                0x00000000080017a8       0x40 ./Core/Src/stm32g4xx_hal_msp.o
                0x00000000080017a8                HAL_TIM_Base_MspInit
 .text.HAL_TIM_MspPostInit
                0x00000000080017e8       0x6c ./Core/Src/stm32g4xx_hal_msp.o
                0x00000000080017e8                HAL_TIM_MspPostInit
 .text.NMI_Handler
                0x0000000008001854        0x6 ./Core/Src/stm32g4xx_it.o
                0x0000000008001854                NMI_Handler
 .text.HardFault_Handler
                0x000000000800185a        0x6 ./Core/Src/stm32g4xx_it.o
                0x000000000800185a                HardFault_Handler
 .text.MemManage_Handler
                0x0000000008001860        0x6 ./Core/Src/stm32g4xx_it.o
                0x0000000008001860                MemManage_Handler
 .text.BusFault_Handler
                0x0000000008001866        0x6 ./Core/Src/stm32g4xx_it.o
                0x0000000008001866                BusFault_Handler
 .text.UsageFault_Handler
                0x000000000800186c        0x6 ./Core/Src/stm32g4xx_it.o
                0x000000000800186c                UsageFault_Handler
 .text.SVC_Handler
                0x0000000008001872        0xe ./Core/Src/stm32g4xx_it.o
                0x0000000008001872                SVC_Handler
 .text.DebugMon_Handler
                0x0000000008001880        0xe ./Core/Src/stm32g4xx_it.o
                0x0000000008001880                DebugMon_Handler
 .text.PendSV_Handler
                0x000000000800188e        0xe ./Core/Src/stm32g4xx_it.o
                0x000000000800188e                PendSV_Handler
 .text.SysTick_Handler
                0x000000000800189c        0xc ./Core/Src/stm32g4xx_it.o
                0x000000000800189c                SysTick_Handler
 .text.EXTI1_IRQHandler
                0x00000000080018a8        0xe ./Core/Src/stm32g4xx_it.o
                0x00000000080018a8                EXTI1_IRQHandler
 .text.EXTI2_IRQHandler
                0x00000000080018b6        0xe ./Core/Src/stm32g4xx_it.o
                0x00000000080018b6                EXTI2_IRQHandler
 .text.EXTI3_IRQHandler
                0x00000000080018c4        0xe ./Core/Src/stm32g4xx_it.o
                0x00000000080018c4                EXTI3_IRQHandler
 .text.EXTI4_IRQHandler
                0x00000000080018d2        0xe ./Core/Src/stm32g4xx_it.o
                0x00000000080018d2                EXTI4_IRQHandler
 .text.EXTI9_5_IRQHandler
                0x00000000080018e0       0x22 ./Core/Src/stm32g4xx_it.o
                0x00000000080018e0                EXTI9_5_IRQHandler
 .text.EXTI15_10_IRQHandler
                0x0000000008001902       0x10 ./Core/Src/stm32g4xx_it.o
                0x0000000008001902                EXTI15_10_IRQHandler
 *fill*         0x0000000008001912        0x2 
 .text.SystemInit
                0x0000000008001914       0x24 ./Core/Src/system_stm32g4xx.o
                0x0000000008001914                SystemInit
 .text.Reset_Handler
                0x0000000008001938       0x50 ./Core/Startup/startup_stm32g431rbtx.o
                0x0000000008001938                Reset_Handler
 .text.Default_Handler
                0x0000000008001988        0x2 ./Core/Startup/startup_stm32g431rbtx.o
                0x0000000008001988                RTC_Alarm_IRQHandler
                0x0000000008001988                TIM8_TRG_COM_IRQHandler
                0x0000000008001988                TIM8_CC_IRQHandler
                0x0000000008001988                TIM1_CC_IRQHandler
                0x0000000008001988                USB_HP_IRQHandler
                0x0000000008001988                CORDIC_IRQHandler
                0x0000000008001988                I2C3_ER_IRQHandler
                0x0000000008001988                EXTI0_IRQHandler
                0x0000000008001988                I2C2_EV_IRQHandler
                0x0000000008001988                FPU_IRQHandler
                0x0000000008001988                FDCAN1_IT1_IRQHandler
                0x0000000008001988                TIM1_UP_TIM16_IRQHandler
                0x0000000008001988                ADC1_2_IRQHandler
                0x0000000008001988                SPI1_IRQHandler
                0x0000000008001988                TIM6_DAC_IRQHandler
                0x0000000008001988                TIM8_UP_IRQHandler
                0x0000000008001988                DMA2_Channel2_IRQHandler
                0x0000000008001988                DMA1_Channel4_IRQHandler
                0x0000000008001988                USART3_IRQHandler
                0x0000000008001988                TIM4_IRQHandler
                0x0000000008001988                DMA2_Channel1_IRQHandler
                0x0000000008001988                I2C1_EV_IRQHandler
                0x0000000008001988                DMA1_Channel6_IRQHandler
                0x0000000008001988                UART4_IRQHandler
                0x0000000008001988                DMA2_Channel4_IRQHandler
                0x0000000008001988                TIM3_IRQHandler
                0x0000000008001988                RCC_IRQHandler
                0x0000000008001988                DMA1_Channel1_IRQHandler
                0x0000000008001988                Default_Handler
                0x0000000008001988                RTC_TAMP_LSECSS_IRQHandler
                0x0000000008001988                FMAC_IRQHandler
                0x0000000008001988                TIM7_IRQHandler
                0x0000000008001988                UCPD1_IRQHandler
                0x0000000008001988                I2C3_EV_IRQHandler
                0x0000000008001988                RTC_WKUP_IRQHandler
                0x0000000008001988                PVD_PVM_IRQHandler
                0x0000000008001988                SPI2_IRQHandler
                0x0000000008001988                DMA2_Channel5_IRQHandler
                0x0000000008001988                CRS_IRQHandler
                0x0000000008001988                DMA1_Channel5_IRQHandler
                0x0000000008001988                USB_LP_IRQHandler
                0x0000000008001988                RNG_IRQHandler
                0x0000000008001988                TIM1_TRG_COM_TIM17_IRQHandler
                0x0000000008001988                DMA1_Channel3_IRQHandler
                0x0000000008001988                WWDG_IRQHandler
                0x0000000008001988                LPUART1_IRQHandler
                0x0000000008001988                DMA2_Channel6_IRQHandler
                0x0000000008001988                FDCAN1_IT0_IRQHandler
                0x0000000008001988                TIM2_IRQHandler
                0x0000000008001988                COMP1_2_3_IRQHandler
                0x0000000008001988                USART2_IRQHandler
                0x0000000008001988                I2C2_ER_IRQHandler
                0x0000000008001988                DMA1_Channel2_IRQHandler
                0x0000000008001988                TIM8_BRK_IRQHandler
                0x0000000008001988                FLASH_IRQHandler
                0x0000000008001988                USART1_IRQHandler
                0x0000000008001988                SPI3_IRQHandler
                0x0000000008001988                I2C1_ER_IRQHandler
                0x0000000008001988                LPTIM1_IRQHandler
                0x0000000008001988                DMAMUX_OVR_IRQHandler
                0x0000000008001988                USBWakeUp_IRQHandler
                0x0000000008001988                SAI1_IRQHandler
                0x0000000008001988                DMA2_Channel3_IRQHandler
                0x0000000008001988                COMP4_IRQHandler
                0x0000000008001988                TIM1_BRK_TIM15_IRQHandler
 .text.HAL_Init
                0x000000000800198a       0x30 ./Drivers/STM32G4xx_HAL_Driver/Src/stm32g4xx_hal.o
                0x000000000800198a                HAL_Init
 *fill*         0x00000000080019ba        0x2 
 .text.HAL_InitTick
                0x00000000080019bc       0x74 ./Drivers/STM32G4xx_HAL_Driver/Src/stm32g4xx_hal.o
                0x00000000080019bc                HAL_InitTick
 .text.HAL_IncTick
                0x0000000008001a30       0x24 ./Drivers/STM32G4xx_HAL_Driver/Src/stm32g4xx_hal.o
                0x0000000008001a30                HAL_IncTick
 .text.HAL_GetTick
                0x0000000008001a54       0x18 ./Drivers/STM32G4xx_HAL_Driver/Src/stm32g4xx_hal.o
                0x0000000008001a54                HAL_GetTick
 .text.HAL_Delay
                0x0000000008001a6c       0x44 ./Drivers/STM32G4xx_HAL_Driver/Src/stm32g4xx_hal.o
                0x0000000008001a6c                HAL_Delay
 .text.__NVIC_SetPriorityGrouping
                0x0000000008001ab0       0x48 ./Drivers/STM32G4xx_HAL_Driver/Src/stm32g4xx_hal_cortex.o
 .text.__NVIC_GetPriorityGrouping
                0x0000000008001af8       0x1c ./Drivers/STM32G4xx_HAL_Driver/Src/stm32g4xx_hal_cortex.o
 .text.__NVIC_EnableIRQ
                0x0000000008001b14       0x3c ./Drivers/STM32G4xx_HAL_Driver/Src/stm32g4xx_hal_cortex.o
 .text.__NVIC_SetPriority
                0x0000000008001b50       0x54 ./Drivers/STM32G4xx_HAL_Driver/Src/stm32g4xx_hal_cortex.o
 .text.NVIC_EncodePriority
                0x0000000008001ba4       0x66 ./Drivers/STM32G4xx_HAL_Driver/Src/stm32g4xx_hal_cortex.o
 *fill*         0x0000000008001c0a        0x2 
 .text.SysTick_Config
                0x0000000008001c0c       0x44 ./Drivers/STM32G4xx_HAL_Driver/Src/stm32g4xx_hal_cortex.o
 .text.HAL_NVIC_SetPriorityGrouping
                0x0000000008001c50       0x16 ./Drivers/STM32G4xx_HAL_Driver/Src/stm32g4xx_hal_cortex.o
                0x0000000008001c50                HAL_NVIC_SetPriorityGrouping
 .text.HAL_NVIC_SetPriority
                0x0000000008001c66       0x34 ./Drivers/STM32G4xx_HAL_Driver/Src/stm32g4xx_hal_cortex.o
                0x0000000008001c66                HAL_NVIC_SetPriority
 .text.HAL_NVIC_EnableIRQ
                0x0000000008001c9a       0x1c ./Drivers/STM32G4xx_HAL_Driver/Src/stm32g4xx_hal_cortex.o
                0x0000000008001c9a                HAL_NVIC_EnableIRQ
 .text.HAL_SYSTICK_Config
                0x0000000008001cb6       0x18 ./Drivers/STM32G4xx_HAL_Driver/Src/stm32g4xx_hal_cortex.o
                0x0000000008001cb6                HAL_SYSTICK_Config
 *fill*         0x0000000008001cce        0x2 
 .text.HAL_GPIO_Init
                0x0000000008001cd0      0x304 ./Drivers/STM32G4xx_HAL_Driver/Src/stm32g4xx_hal_gpio.o
                0x0000000008001cd0                HAL_GPIO_Init
 .text.HAL_GPIO_ReadPin
                0x0000000008001fd4       0x30 ./Drivers/STM32G4xx_HAL_Driver/Src/stm32g4xx_hal_gpio.o
                0x0000000008001fd4                HAL_GPIO_ReadPin
 .text.HAL_GPIO_EXTI_IRQHandler
                0x0000000008002004       0x30 ./Drivers/STM32G4xx_HAL_Driver/Src/stm32g4xx_hal_gpio.o
                0x0000000008002004                HAL_GPIO_EXTI_IRQHandler
 .text.HAL_PWREx_ControlVoltageScaling
                0x0000000008002034      0x148 ./Drivers/STM32G4xx_HAL_Driver/Src/stm32g4xx_hal_pwr_ex.o
                0x0000000008002034                HAL_PWREx_ControlVoltageScaling
 .text.HAL_PWREx_DisableUCPDDeadBattery
                0x000000000800217c       0x20 ./Drivers/STM32G4xx_HAL_Driver/Src/stm32g4xx_hal_pwr_ex.o
                0x000000000800217c                HAL_PWREx_DisableUCPDDeadBattery
 .text.HAL_RCC_OscConfig
                0x000000000800219c      0x630 ./Drivers/STM32G4xx_HAL_Driver/Src/stm32g4xx_hal_rcc.o
                0x000000000800219c                HAL_RCC_OscConfig
 .text.HAL_RCC_ClockConfig
                0x00000000080027cc      0x278 ./Drivers/STM32G4xx_HAL_Driver/Src/stm32g4xx_hal_rcc.o
                0x00000000080027cc                HAL_RCC_ClockConfig
 .text.HAL_RCC_GetSysClockFreq
                0x0000000008002a44       0xc4 ./Drivers/STM32G4xx_HAL_Driver/Src/stm32g4xx_hal_rcc.o
                0x0000000008002a44                HAL_RCC_GetSysClockFreq
 .text.HAL_RCC_GetHCLKFreq
                0x0000000008002b08       0x18 ./Drivers/STM32G4xx_HAL_Driver/Src/stm32g4xx_hal_rcc.o
                0x0000000008002b08                HAL_RCC_GetHCLKFreq
 .text.HAL_RCC_GetPCLK1Freq
                0x0000000008002b20       0x2c ./Drivers/STM32G4xx_HAL_Driver/Src/stm32g4xx_hal_rcc.o
                0x0000000008002b20                HAL_RCC_GetPCLK1Freq
 .text.HAL_RCC_GetPCLK2Freq
                0x0000000008002b4c       0x2c ./Drivers/STM32G4xx_HAL_Driver/Src/stm32g4xx_hal_rcc.o
                0x0000000008002b4c                HAL_RCC_GetPCLK2Freq
 .text.RCC_GetSysClockFreqFromPLLSource
                0x0000000008002b78       0x8c ./Drivers/STM32G4xx_HAL_Driver/Src/stm32g4xx_hal_rcc.o
 .text.HAL_RCCEx_PeriphCLKConfig
                0x0000000008002c04      0x3e0 ./Drivers/STM32G4xx_HAL_Driver/Src/stm32g4xx_hal_rcc_ex.o
                0x0000000008002c04                HAL_RCCEx_PeriphCLKConfig
 .text.HAL_TIM_Base_Init
                0x0000000008002fe4       0xae ./Drivers/STM32G4xx_HAL_Driver/Src/stm32g4xx_hal_tim.o
                0x0000000008002fe4                HAL_TIM_Base_Init
 .text.HAL_TIM_PWM_Init
                0x0000000008003092       0xae ./Drivers/STM32G4xx_HAL_Driver/Src/stm32g4xx_hal_tim.o
                0x0000000008003092                HAL_TIM_PWM_Init
 .text.HAL_TIM_PWM_MspInit
                0x0000000008003140       0x14 ./Drivers/STM32G4xx_HAL_Driver/Src/stm32g4xx_hal_tim.o
                0x0000000008003140                HAL_TIM_PWM_MspInit
 .text.HAL_TIM_PWM_Start
                0x0000000008003154      0x200 ./Drivers/STM32G4xx_HAL_Driver/Src/stm32g4xx_hal_tim.o
                0x0000000008003154                HAL_TIM_PWM_Start
 .text.HAL_TIM_PWM_ConfigChannel
                0x0000000008003354      0x228 ./Drivers/STM32G4xx_HAL_Driver/Src/stm32g4xx_hal_tim.o
                0x0000000008003354                HAL_TIM_PWM_ConfigChannel
 .text.HAL_TIM_ConfigClockSource
                0x000000000800357c      0x1f4 ./Drivers/STM32G4xx_HAL_Driver/Src/stm32g4xx_hal_tim.o
                0x000000000800357c                HAL_TIM_ConfigClockSource
 .text.TIM_Base_SetConfig
                0x0000000008003770      0x120 ./Drivers/STM32G4xx_HAL_Driver/Src/stm32g4xx_hal_tim.o
                0x0000000008003770                TIM_Base_SetConfig
 .text.TIM_OC1_SetConfig
                0x0000000008003890      0x120 ./Drivers/STM32G4xx_HAL_Driver/Src/stm32g4xx_hal_tim.o
 .text.TIM_OC2_SetConfig
                0x00000000080039b0      0x114 ./Drivers/STM32G4xx_HAL_Driver/Src/stm32g4xx_hal_tim.o
                0x00000000080039b0                TIM_OC2_SetConfig
 .text.TIM_OC3_SetConfig
                0x0000000008003ac4      0x110 ./Drivers/STM32G4xx_HAL_Driver/Src/stm32g4xx_hal_tim.o
 .text.TIM_OC4_SetConfig
                0x0000000008003bd4      0x114 ./Drivers/STM32G4xx_HAL_Driver/Src/stm32g4xx_hal_tim.o
 .text.TIM_OC5_SetConfig
                0x0000000008003ce8       0xc8 ./Drivers/STM32G4xx_HAL_Driver/Src/stm32g4xx_hal_tim.o
 .text.TIM_OC6_SetConfig
                0x0000000008003db0       0xcc ./Drivers/STM32G4xx_HAL_Driver/Src/stm32g4xx_hal_tim.o
 .text.TIM_TI1_ConfigInputStage
                0x0000000008003e7c       0x5e ./Drivers/STM32G4xx_HAL_Driver/Src/stm32g4xx_hal_tim.o
 .text.TIM_TI2_ConfigInputStage
                0x0000000008003eda       0x60 ./Drivers/STM32G4xx_HAL_Driver/Src/stm32g4xx_hal_tim.o
 .text.TIM_ITRx_SetConfig
                0x0000000008003f3a       0x3a ./Drivers/STM32G4xx_HAL_Driver/Src/stm32g4xx_hal_tim.o
 .text.TIM_ETR_SetConfig
                0x0000000008003f74       0x40 ./Drivers/STM32G4xx_HAL_Driver/Src/stm32g4xx_hal_tim.o
                0x0000000008003f74                TIM_ETR_SetConfig
 .text.TIM_CCxChannelCmd
                0x0000000008003fb4       0x4a ./Drivers/STM32G4xx_HAL_Driver/Src/stm32g4xx_hal_tim.o
                0x0000000008003fb4                TIM_CCxChannelCmd
 *fill*         0x0000000008003ffe        0x2 
 .text.HAL_TIMEx_MasterConfigSynchronization
                0x0000000008004000      0x104 ./Drivers/STM32G4xx_HAL_Driver/Src/stm32g4xx_hal_tim_ex.o
                0x0000000008004000                HAL_TIMEx_MasterConfigSynchronization
 .text.HAL_UART_Init
                0x0000000008004104       0xa0 ./Drivers/STM32G4xx_HAL_Driver/Src/stm32g4xx_hal_uart.o
                0x0000000008004104                HAL_UART_Init
 .text.UART_SetConfig
                0x00000000080041a4      0x598 ./Drivers/STM32G4xx_HAL_Driver/Src/stm32g4xx_hal_uart.o
                0x00000000080041a4                UART_SetConfig
 .text.UART_AdvFeatureConfig
                0x000000000800473c      0x144 ./Drivers/STM32G4xx_HAL_Driver/Src/stm32g4xx_hal_uart.o
                0x000000000800473c                UART_AdvFeatureConfig
 .text.UART_CheckIdleState
                0x0000000008004880       0x96 ./Drivers/STM32G4xx_HAL_Driver/Src/stm32g4xx_hal_uart.o
                0x0000000008004880                UART_CheckIdleState
 .text.UART_WaitOnFlagUntilTimeout
                0x0000000008004916      0x190 ./Drivers/STM32G4xx_HAL_Driver/Src/stm32g4xx_hal_uart.o
                0x0000000008004916                UART_WaitOnFlagUntilTimeout
 .text.HAL_UARTEx_DisableFifoMode
                0x0000000008004aa6       0x72 ./Drivers/STM32G4xx_HAL_Driver/Src/stm32g4xx_hal_uart_ex.o
                0x0000000008004aa6                HAL_UARTEx_DisableFifoMode
 .text.HAL_UARTEx_SetTxFifoThreshold
                0x0000000008004b18       0x7c ./Drivers/STM32G4xx_HAL_Driver/Src/stm32g4xx_hal_uart_ex.o
                0x0000000008004b18                HAL_UARTEx_SetTxFifoThreshold
 .text.HAL_UARTEx_SetRxFifoThreshold
                0x0000000008004b94       0x7c ./Drivers/STM32G4xx_HAL_Driver/Src/stm32g4xx_hal_uart_ex.o
                0x0000000008004b94                HAL_UARTEx_SetRxFifoThreshold
 .text.UARTEx_SetNbDataToProcess
                0x0000000008004c10       0x9c ./Drivers/STM32G4xx_HAL_Driver/Src/stm32g4xx_hal_uart_ex.o
 .text.__libc_init_array
                0x0000000008004cac       0x48 d:/program files (x86)/st/stm32cubeide_1.9.0stm32cubeide_1.9.0/stm32cubeide/plugins/com.st.stm32cube.ide.mcu.externaltools.gnu-tools-for-stm32.10.3-2021.10.win32_1.0.0.202111181127/tools/bin/../lib/gcc/arm-none-eabi/10.3.1/../../../../arm-none-eabi/lib/thumb/v7e-m+fp/hard\libc_nano.a(lib_a-init.o)
                0x0000000008004cac                __libc_init_array
 .text.memset   0x0000000008004cf4       0x10 d:/program files (x86)/st/stm32cubeide_1.9.0stm32cubeide_1.9.0/stm32cubeide/plugins/com.st.stm32cube.ide.mcu.externaltools.gnu-tools-for-stm32.10.3-2021.10.win32_1.0.0.202111181127/tools/bin/../lib/gcc/arm-none-eabi/10.3.1/../../../../arm-none-eabi/lib/thumb/v7e-m+fp/hard\libc_nano.a(lib_a-memset.o)
                0x0000000008004cf4                memset
 *(.glue_7)
 .glue_7        0x0000000008004d04        0x0 linker stubs
 *(.glue_7t)
 .glue_7t       0x0000000008004d04        0x0 linker stubs
 *(.eh_frame)
 .eh_frame      0x0000000008004d04        0x0 d:/program files (x86)/st/stm32cubeide_1.9.0stm32cubeide_1.9.0/stm32cubeide/plugins/com.st.stm32cube.ide.mcu.externaltools.gnu-tools-for-stm32.10.3-2021.10.win32_1.0.0.202111181127/tools/bin/../lib/gcc/arm-none-eabi/10.3.1/thumb/v7e-m+fp/hard/crtbegin.o
 *(.init)
 .init          0x0000000008004d04        0x4 d:/program files (x86)/st/stm32cubeide_1.9.0stm32cubeide_1.9.0/stm32cubeide/plugins/com.st.stm32cube.ide.mcu.externaltools.gnu-tools-for-stm32.10.3-2021.10.win32_1.0.0.202111181127/tools/bin/../lib/gcc/arm-none-eabi/10.3.1/thumb/v7e-m+fp/hard/crti.o
                0x0000000008004d04                _init
 .init          0x0000000008004d08        0x8 d:/program files (x86)/st/stm32cubeide_1.9.0stm32cubeide_1.9.0/stm32cubeide/plugins/com.st.stm32cube.ide.mcu.externaltools.gnu-tools-for-stm32.10.3-2021.10.win32_1.0.0.202111181127/tools/bin/../lib/gcc/arm-none-eabi/10.3.1/thumb/v7e-m+fp/hard/crtn.o
 *(.fini)
 .fini          0x0000000008004d10        0x4 d:/program files (x86)/st/stm32cubeide_1.9.0stm32cubeide_1.9.0/stm32cubeide/plugins/com.st.stm32cube.ide.mcu.externaltools.gnu-tools-for-stm32.10.3-2021.10.win32_1.0.0.202111181127/tools/bin/../lib/gcc/arm-none-eabi/10.3.1/thumb/v7e-m+fp/hard/crti.o
                0x0000000008004d10                _fini
 .fini          0x0000000008004d14        0x8 d:/program files (x86)/st/stm32cubeide_1.9.0stm32cubeide_1.9.0/stm32cubeide/plugins/com.st.stm32cube.ide.mcu.externaltools.gnu-tools-for-stm32.10.3-2021.10.win32_1.0.0.202111181127/tools/bin/../lib/gcc/arm-none-eabi/10.3.1/thumb/v7e-m+fp/hard/crtn.o
                0x0000000008004d1c                . = ALIGN (0x4)
                0x0000000008004d1c                _etext = .

.vfp11_veneer   0x0000000008004d1c        0x0
 .vfp11_veneer  0x0000000008004d1c        0x0 linker stubs

.v4_bx          0x0000000008004d1c        0x0
 .v4_bx         0x0000000008004d1c        0x0 linker stubs

.iplt           0x0000000008004d1c        0x0
 .iplt          0x0000000008004d1c        0x0 d:/program files (x86)/st/stm32cubeide_1.9.0stm32cubeide_1.9.0/stm32cubeide/plugins/com.st.stm32cube.ide.mcu.externaltools.gnu-tools-for-stm32.10.3-2021.10.win32_1.0.0.202111181127/tools/bin/../lib/gcc/arm-none-eabi/10.3.1/thumb/v7e-m+fp/hard/crtbegin.o

.rodata         0x0000000008004d1c     0xbcd4
                0x0000000008004d1c                . = ALIGN (0x4)
 *(.rodata)
 *(.rodata*)
 .rodata.note_freq
                0x0000000008004d1c       0x24 ./Core/Src/main.o
                0x0000000008004d1c                note_freq
 .rodata.score  0x0000000008004d40     0xbc70 ./Core/Src/main.o
                0x0000000008004d40                score
 .rodata.AHBPrescTable
                0x00000000080109b0       0x10 ./Core/Src/system_stm32g4xx.o
                0x00000000080109b0                AHBPrescTable
 .rodata.APBPrescTable
                0x00000000080109c0        0x8 ./Core/Src/system_stm32g4xx.o
                0x00000000080109c0                APBPrescTable
 .rodata.UARTPrescTable
                0x00000000080109c8       0x18 ./Drivers/STM32G4xx_HAL_Driver/Src/stm32g4xx_hal_uart.o
                0x00000000080109c8                UARTPrescTable
 .rodata.numerator.1
                0x00000000080109e0        0x8 ./Drivers/STM32G4xx_HAL_Driver/Src/stm32g4xx_hal_uart_ex.o
 .rodata.denominator.0
                0x00000000080109e8        0x8 ./Drivers/STM32G4xx_HAL_Driver/Src/stm32g4xx_hal_uart_ex.o
                0x00000000080109f0                . = ALIGN (0x4)

.ARM.extab      0x00000000080109f0        0x0
                0x00000000080109f0                . = ALIGN (0x4)
 *(.ARM.extab* .gnu.linkonce.armextab.*)
                0x00000000080109f0                . = ALIGN (0x4)

.ARM            0x00000000080109f0        0x8
                0x00000000080109f0                . = ALIGN (0x4)
                0x00000000080109f0                __exidx_start = .
 *(.ARM.exidx*)
 .ARM.exidx     0x00000000080109f0        0x8 d:/program files (x86)/st/stm32cubeide_1.9.0stm32cubeide_1.9.0/stm32cubeide/plugins/com.st.stm32cube.ide.mcu.externaltools.gnu-tools-for-stm32.10.3-2021.10.win32_1.0.0.202111181127/tools/bin/../lib/gcc/arm-none-eabi/10.3.1/thumb/v7e-m+fp/hard\libgcc.a(_udivmoddi4.o)
                0x00000000080109f8                __exidx_end = .
                0x00000000080109f8                . = ALIGN (0x4)

.rel.dyn        0x00000000080109f8        0x0
 .rel.iplt      0x00000000080109f8        0x0 d:/program files (x86)/st/stm32cubeide_1.9.0stm32cubeide_1.9.0/stm32cubeide/plugins/com.st.stm32cube.ide.mcu.externaltools.gnu-tools-for-stm32.10.3-2021.10.win32_1.0.0.202111181127/tools/bin/../lib/gcc/arm-none-eabi/10.3.1/thumb/v7e-m+fp/hard/crtbegin.o

.preinit_array  0x00000000080109f8        0x0
                0x00000000080109f8                . = ALIGN (0x4)
                0x00000000080109f8                PROVIDE (__preinit_array_start = .)
 *(.preinit_array*)
                0x00000000080109f8                PROVIDE (__preinit_array_end = .)
                0x00000000080109f8                . = ALIGN (0x4)

.init_array     0x00000000080109f8        0x4
                0x00000000080109f8                . = ALIGN (0x4)
                0x00000000080109f8                PROVIDE (__init_array_start = .)
 *(SORT_BY_NAME(.init_array.*))
 *(.init_array*)
 .init_array    0x00000000080109f8        0x4 d:/program files (x86)/st/stm32cubeide_1.9.0stm32cubeide_1.9.0/stm32cubeide/plugins/com.st.stm32cube.ide.mcu.externaltools.gnu-tools-for-stm32.10.3-2021.10.win32_1.0.0.202111181127/tools/bin/../lib/gcc/arm-none-eabi/10.3.1/thumb/v7e-m+fp/hard/crtbegin.o
                0x00000000080109fc                PROVIDE (__init_array_end = .)
                0x00000000080109fc                . = ALIGN (0x4)

.fini_array     0x00000000080109fc        0x4
                0x00000000080109fc                . = ALIGN (0x4)
                [!provide]                        PROVIDE (__fini_array_start = .)
 *(SORT_BY_NAME(.fini_array.*))
 *(.fini_array*)
 .fini_array    0x00000000080109fc        0x4 d:/program files (x86)/st/stm32cubeide_1.9.0stm32cubeide_1.9.0/stm32cubeide/plugins/com.st.stm32cube.ide.mcu.externaltools.gnu-tools-for-stm32.10.3-2021.10.win32_1.0.0.202111181127/tools/bin/../lib/gcc/arm-none-eabi/10.3.1/thumb/v7e-m+fp/hard/crtbegin.o
                [!provide]                        PROVIDE (__fini_array_end = .)
                0x0000000008010a00                . = ALIGN (0x4)
                0x0000000008010a00                _sidata = LOADADDR (.data)

.data           0x0000000020000000        0xc load address 0x0000000008010a00
                0x0000000020000000                . = ALIGN (0x4)
                0x0000000020000000                _sdata = .
 *(.data)
 *(.data*)
 .data.SystemCoreClock
                0x0000000020000000        0x4 ./Core/Src/system_stm32g4xx.o
                0x0000000020000000                SystemCoreClock
 .data.uwTickPrio
                0x0000000020000004        0x4 ./Drivers/STM32G4xx_HAL_Driver/Src/stm32g4xx_hal.o
                0x0000000020000004                uwTickPrio
 .data.uwTickFreq
                0x0000000020000008        0x4 ./Drivers/STM32G4xx_HAL_Driver/Src/stm32g4xx_hal.o
                0x0000000020000008                uwTickFreq
 *(.RamFunc)
 *(.RamFunc*)
                0x000000002000000c                . = ALIGN (0x4)
                0x000000002000000c                _edata = .

.igot.plt       0x000000002000000c        0x0 load address 0x0000000008010a0c
 .igot.plt      0x000000002000000c        0x0 d:/program files (x86)/st/stm32cubeide_1.9.0stm32cubeide_1.9.0/stm32cubeide/plugins/com.st.stm32cube.ide.mcu.externaltools.gnu-tools-for-stm32.10.3-2021.10.win32_1.0.0.202111181127/tools/bin/../lib/gcc/arm-none-eabi/10.3.1/thumb/v7e-m+fp/hard/crtbegin.o
                0x000000002000000c                . = ALIGN (0x4)

.bss            0x000000002000000c      0x100 load address 0x0000000008010a0c
                0x000000002000000c                _sbss = .
                0x000000002000000c                __bss_start__ = _sbss
 *(.bss)
 .bss           0x000000002000000c       0x1c d:/program files (x86)/st/stm32cubeide_1.9.0stm32cubeide_1.9.0/stm32cubeide/plugins/com.st.stm32cube.ide.mcu.externaltools.gnu-tools-for-stm32.10.3-2021.10.win32_1.0.0.202111181127/tools/bin/../lib/gcc/arm-none-eabi/10.3.1/thumb/v7e-m+fp/hard/crtbegin.o
 *(.bss*)
 .bss.play_mode
                0x0000000020000028        0x4 ./Core/Src/main.o
                0x0000000020000028                play_mode
 .bss.hlpuart1  0x000000002000002c       0x90 ./Core/Src/main.o
                0x000000002000002c                hlpuart1
 .bss.htim3     0x00000000200000bc       0x4c ./Core/Src/main.o
                0x00000000200000bc                htim3
 .bss.uwTick    0x0000000020000108        0x4 ./Drivers/STM32G4xx_HAL_Driver/Src/stm32g4xx_hal.o
                0x0000000020000108                uwTick
 *(COMMON)
                0x000000002000010c                . = ALIGN (0x4)
                0x000000002000010c                _ebss = .
                0x000000002000010c                __bss_end__ = _ebss

._user_heap_stack
                0x000000002000010c      0x604 load address 0x0000000008010a0c
                0x0000000020000110                . = ALIGN (0x8)
 *fill*         0x000000002000010c        0x4 
                [!provide]                        PROVIDE (end = .)
                0x0000000020000110                PROVIDE (_end = .)
                0x0000000020000310                . = (. + _Min_Heap_Size)
 *fill*         0x0000000020000110      0x200 
                0x0000000020000710                . = (. + _Min_Stack_Size)
 *fill*         0x0000000020000310      0x400 
                0x0000000020000710                . = ALIGN (0x8)

/DISCARD/
 libc.a(*)
 libm.a(*)
 libgcc.a(*)

.ARM.attributes
                0x0000000000000000       0x30
 *(.ARM.attributes)
 .ARM.attributes
                0x0000000000000000       0x1e d:/program files (x86)/st/stm32cubeide_1.9.0stm32cubeide_1.9.0/stm32cubeide/plugins/com.st.stm32cube.ide.mcu.externaltools.gnu-tools-for-stm32.10.3-2021.10.win32_1.0.0.202111181127/tools/bin/../lib/gcc/arm-none-eabi/10.3.1/thumb/v7e-m+fp/hard/crti.o
 .ARM.attributes
                0x000000000000001e       0x34 d:/program files (x86)/st/stm32cubeide_1.9.0stm32cubeide_1.9.0/stm32cubeide/plugins/com.st.stm32cube.ide.mcu.externaltools.gnu-tools-for-stm32.10.3-2021.10.win32_1.0.0.202111181127/tools/bin/../lib/gcc/arm-none-eabi/10.3.1/thumb/v7e-m+fp/hard/crtbegin.o
 .ARM.attributes
                0x0000000000000052       0x34 ./Core/Src/main.o
 .ARM.attributes
                0x0000000000000086       0x34 ./Core/Src/stm32g4xx_hal_msp.o
 .ARM.attributes
                0x00000000000000ba       0x34 ./Core/Src/stm32g4xx_it.o
 .ARM.attributes
                0x00000000000000ee       0x34 ./Core/Src/system_stm32g4xx.o
 .ARM.attributes
                0x0000000000000122       0x21 ./Core/Startup/startup_stm32g431rbtx.o
 .ARM.attributes
                0x0000000000000143       0x34 ./Drivers/STM32G4xx_HAL_Driver/Src/stm32g4xx_hal.o
 .ARM.attributes
                0x0000000000000177       0x34 ./Drivers/STM32G4xx_HAL_Driver/Src/stm32g4xx_hal_cortex.o
 .ARM.attributes
                0x00000000000001ab       0x34 ./Drivers/STM32G4xx_HAL_Driver/Src/stm32g4xx_hal_gpio.o
 .ARM.attributes
                0x00000000000001df       0x34 ./Drivers/STM32G4xx_HAL_Driver/Src/stm32g4xx_hal_pwr_ex.o
 .ARM.attributes
                0x0000000000000213       0x34 ./Drivers/STM32G4xx_HAL_Driver/Src/stm32g4xx_hal_rcc.o
 .ARM.attributes
                0x0000000000000247       0x34 ./Drivers/STM32G4xx_HAL_Driver/Src/stm32g4xx_hal_rcc_ex.o
 .ARM.attributes
                0x000000000000027b       0x34 ./Drivers/STM32G4xx_HAL_Driver/Src/stm32g4xx_hal_tim.o
 .ARM.attributes
                0x00000000000002af       0x34 ./Drivers/STM32G4xx_HAL_Driver/Src/stm32g4xx_hal_tim_ex.o
 .ARM.attributes
                0x00000000000002e3       0x34 ./Drivers/STM32G4xx_HAL_Driver/Src/stm32g4xx_hal_uart.o
 .ARM.attributes
                0x0000000000000317       0x34 ./Drivers/STM32G4xx_HAL_Driver/Src/stm32g4xx_hal_uart_ex.o
 .ARM.attributes
                0x000000000000034b       0x34 d:/program files (x86)/st/stm32cubeide_1.9.0stm32cubeide_1.9.0/stm32cubeide/plugins/com.st.stm32cube.ide.mcu.externaltools.gnu-tools-for-stm32.10.3-2021.10.win32_1.0.0.202111181127/tools/bin/../lib/gcc/arm-none-eabi/10.3.1/../../../../arm-none-eabi/lib/thumb/v7e-m+fp/hard\libc_nano.a(lib_a-init.o)
 .ARM.attributes
                0x000000000000037f       0x34 d:/program files (x86)/st/stm32cubeide_1.9.0stm32cubeide_1.9.0/stm32cubeide/plugins/com.st.stm32cube.ide.mcu.externaltools.gnu-tools-for-stm32.10.3-2021.10.win32_1.0.0.202111181127/tools/bin/../lib/gcc/arm-none-eabi/10.3.1/../../../../arm-none-eabi/lib/thumb/v7e-m+fp/hard\libc_nano.a(lib_a-memset.o)
 .ARM.attributes
                0x00000000000003b3       0x1e d:/program files (x86)/st/stm32cubeide_1.9.0stm32cubeide_1.9.0/stm32cubeide/plugins/com.st.stm32cube.ide.mcu.externaltools.gnu-tools-for-stm32.10.3-2021.10.win32_1.0.0.202111181127/tools/bin/../lib/gcc/arm-none-eabi/10.3.1/thumb/v7e-m+fp/hard\libgcc.a(_arm_addsubdf3.o)
 .ARM.attributes
                0x00000000000003d1       0x1e d:/program files (x86)/st/stm32cubeide_1.9.0stm32cubeide_1.9.0/stm32cubeide/plugins/com.st.stm32cube.ide.mcu.externaltools.gnu-tools-for-stm32.10.3-2021.10.win32_1.0.0.202111181127/tools/bin/../lib/gcc/arm-none-eabi/10.3.1/thumb/v7e-m+fp/hard\libgcc.a(_arm_muldivdf3.o)
 .ARM.attributes
                0x00000000000003ef       0x1e d:/program files (x86)/st/stm32cubeide_1.9.0stm32cubeide_1.9.0/stm32cubeide/plugins/com.st.stm32cube.ide.mcu.externaltools.gnu-tools-for-stm32.10.3-2021.10.win32_1.0.0.202111181127/tools/bin/../lib/gcc/arm-none-eabi/10.3.1/thumb/v7e-m+fp/hard\libgcc.a(_arm_cmpdf2.o)
 .ARM.attributes
                0x000000000000040d       0x1e d:/program files (x86)/st/stm32cubeide_1.9.0stm32cubeide_1.9.0/stm32cubeide/plugins/com.st.stm32cube.ide.mcu.externaltools.gnu-tools-for-stm32.10.3-2021.10.win32_1.0.0.202111181127/tools/bin/../lib/gcc/arm-none-eabi/10.3.1/thumb/v7e-m+fp/hard\libgcc.a(_arm_fixunsdfsi.o)
 .ARM.attributes
                0x000000000000042b       0x1e d:/program files (x86)/st/stm32cubeide_1.9.0stm32cubeide_1.9.0/stm32cubeide/plugins/com.st.stm32cube.ide.mcu.externaltools.gnu-tools-for-stm32.10.3-2021.10.win32_1.0.0.202111181127/tools/bin/../lib/gcc/arm-none-eabi/10.3.1/thumb/v7e-m+fp/hard\libgcc.a(_aeabi_uldivmod.o)
 .ARM.attributes
                0x0000000000000449       0x34 d:/program files (x86)/st/stm32cubeide_1.9.0stm32cubeide_1.9.0/stm32cubeide/plugins/com.st.stm32cube.ide.mcu.externaltools.gnu-tools-for-stm32.10.3-2021.10.win32_1.0.0.202111181127/tools/bin/../lib/gcc/arm-none-eabi/10.3.1/thumb/v7e-m+fp/hard\libgcc.a(_udivmoddi4.o)
 .ARM.attributes
                0x000000000000047d       0x1e d:/program files (x86)/st/stm32cubeide_1.9.0stm32cubeide_1.9.0/stm32cubeide/plugins/com.st.stm32cube.ide.mcu.externaltools.gnu-tools-for-stm32.10.3-2021.10.win32_1.0.0.202111181127/tools/bin/../lib/gcc/arm-none-eabi/10.3.1/thumb/v7e-m+fp/hard\libgcc.a(_dvmd_tls.o)
 .ARM.attributes
                0x000000000000049b       0x1e d:/program files (x86)/st/stm32cubeide_1.9.0stm32cubeide_1.9.0/stm32cubeide/plugins/com.st.stm32cube.ide.mcu.externaltools.gnu-tools-for-stm32.10.3-2021.10.win32_1.0.0.202111181127/tools/bin/../lib/gcc/arm-none-eabi/10.3.1/thumb/v7e-m+fp/hard/crtn.o
OUTPUT(TestPWM.elf elf32-littlearm)
LOAD linker stubs
LOAD d:/program files (x86)/st/stm32cubeide_1.9.0stm32cubeide_1.9.0/stm32cubeide/plugins/com.st.stm32cube.ide.mcu.externaltools.gnu-tools-for-stm32.10.3-2021.10.win32_1.0.0.202111181127/tools/bin/../lib/gcc/arm-none-eabi/10.3.1/../../../../arm-none-eabi/lib/thumb/v7e-m+fp/hard\libc.a
LOAD d:/program files (x86)/st/stm32cubeide_1.9.0stm32cubeide_1.9.0/stm32cubeide/plugins/com.st.stm32cube.ide.mcu.externaltools.gnu-tools-for-stm32.10.3-2021.10.win32_1.0.0.202111181127/tools/bin/../lib/gcc/arm-none-eabi/10.3.1/../../../../arm-none-eabi/lib/thumb/v7e-m+fp/hard\libm.a
LOAD d:/program files (x86)/st/stm32cubeide_1.9.0stm32cubeide_1.9.0/stm32cubeide/plugins/com.st.stm32cube.ide.mcu.externaltools.gnu-tools-for-stm32.10.3-2021.10.win32_1.0.0.202111181127/tools/bin/../lib/gcc/arm-none-eabi/10.3.1/thumb/v7e-m+fp/hard\libgcc.a

.debug_info     0x0000000000000000    0x11cc5
 .debug_info    0x0000000000000000     0x18b0 ./Core/Src/main.o
 .debug_info    0x00000000000018b0     0x121b ./Core/Src/stm32g4xx_hal_msp.o
 .debug_info    0x0000000000002acb      0x1bb ./Core/Src/stm32g4xx_it.o
 .debug_info    0x0000000000002c86      0x59f ./Core/Src/system_stm32g4xx.o
 .debug_info    0x0000000000003225       0x22 ./Core/Startup/startup_stm32g431rbtx.o
 .debug_info    0x0000000000003247      0xae3 ./Drivers/STM32G4xx_HAL_Driver/Src/stm32g4xx_hal.o
 .debug_info    0x0000000000003d2a      0xdc4 ./Drivers/STM32G4xx_HAL_Driver/Src/stm32g4xx_hal_cortex.o
 .debug_info    0x0000000000004aee      0x82f ./Drivers/STM32G4xx_HAL_Driver/Src/stm32g4xx_hal_gpio.o
 .debug_info    0x000000000000531d      0x983 ./Drivers/STM32G4xx_HAL_Driver/Src/stm32g4xx_hal_pwr_ex.o
 .debug_info    0x0000000000005ca0      0xc53 ./Drivers/STM32G4xx_HAL_Driver/Src/stm32g4xx_hal_rcc.o
 .debug_info    0x00000000000068f3      0xcfe ./Drivers/STM32G4xx_HAL_Driver/Src/stm32g4xx_hal_rcc_ex.o
 .debug_info    0x00000000000075f1     0x2e83 ./Drivers/STM32G4xx_HAL_Driver/Src/stm32g4xx_hal_tim.o
 .debug_info    0x000000000000a474     0x1eea ./Drivers/STM32G4xx_HAL_Driver/Src/stm32g4xx_hal_tim_ex.o
 .debug_info    0x000000000000c35e     0x4936 ./Drivers/STM32G4xx_HAL_Driver/Src/stm32g4xx_hal_uart.o
 .debug_info    0x0000000000010c94     0x1031 ./Drivers/STM32G4xx_HAL_Driver/Src/stm32g4xx_hal_uart_ex.o

.debug_abbrev   0x0000000000000000     0x2083
 .debug_abbrev  0x0000000000000000      0x326 ./Core/Src/main.o
 .debug_abbrev  0x0000000000000326      0x238 ./Core/Src/stm32g4xx_hal_msp.o
 .debug_abbrev  0x000000000000055e       0xb9 ./Core/Src/stm32g4xx_it.o
 .debug_abbrev  0x0000000000000617      0x116 ./Core/Src/system_stm32g4xx.o
 .debug_abbrev  0x000000000000072d       0x12 ./Core/Startup/startup_stm32g431rbtx.o
 .debug_abbrev  0x000000000000073f      0x269 ./Drivers/STM32G4xx_HAL_Driver/Src/stm32g4xx_hal.o
 .debug_abbrev  0x00000000000009a8      0x30d ./Drivers/STM32G4xx_HAL_Driver/Src/stm32g4xx_hal_cortex.o
 .debug_abbrev  0x0000000000000cb5      0x1bb ./Drivers/STM32G4xx_HAL_Driver/Src/stm32g4xx_hal_gpio.o
 .debug_abbrev  0x0000000000000e70      0x229 ./Drivers/STM32G4xx_HAL_Driver/Src/stm32g4xx_hal_pwr_ex.o
 .debug_abbrev  0x0000000000001099      0x2bd ./Drivers/STM32G4xx_HAL_Driver/Src/stm32g4xx_hal_rcc.o
 .debug_abbrev  0x0000000000001356      0x247 ./Drivers/STM32G4xx_HAL_Driver/Src/stm32g4xx_hal_rcc_ex.o
 .debug_abbrev  0x000000000000159d      0x28e ./Drivers/STM32G4xx_HAL_Driver/Src/stm32g4xx_hal_tim.o
 .debug_abbrev  0x000000000000182b      0x2ab ./Drivers/STM32G4xx_HAL_Driver/Src/stm32g4xx_hal_tim_ex.o
 .debug_abbrev  0x0000000000001ad6      0x2f0 ./Drivers/STM32G4xx_HAL_Driver/Src/stm32g4xx_hal_uart.o
 .debug_abbrev  0x0000000000001dc6      0x2bd ./Drivers/STM32G4xx_HAL_Driver/Src/stm32g4xx_hal_uart_ex.o

.debug_aranges  0x0000000000000000      0xfc0
 .debug_aranges
                0x0000000000000000       0x68 ./Core/Src/main.o
 .debug_aranges
                0x0000000000000068       0x48 ./Core/Src/stm32g4xx_hal_msp.o
 .debug_aranges
                0x00000000000000b0       0x90 ./Core/Src/stm32g4xx_it.o
 .debug_aranges
                0x0000000000000140       0x28 ./Core/Src/system_stm32g4xx.o
 .debug_aranges
                0x0000000000000168       0x28 ./Core/Startup/startup_stm32g431rbtx.o
 .debug_aranges
                0x0000000000000190      0x130 ./Drivers/STM32G4xx_HAL_Driver/Src/stm32g4xx_hal.o
 .debug_aranges
                0x00000000000002c0      0x118 ./Drivers/STM32G4xx_HAL_Driver/Src/stm32g4xx_hal_cortex.o
 .debug_aranges
                0x00000000000003d8       0x58 ./Drivers/STM32G4xx_HAL_Driver/Src/stm32g4xx_hal_gpio.o
 .debug_aranges
                0x0000000000000430      0x140 ./Drivers/STM32G4xx_HAL_Driver/Src/stm32g4xx_hal_pwr_ex.o
 .debug_aranges
                0x0000000000000570       0x98 ./Drivers/STM32G4xx_HAL_Driver/Src/stm32g4xx_hal_rcc.o
 .debug_aranges
                0x0000000000000608       0xb0 ./Drivers/STM32G4xx_HAL_Driver/Src/stm32g4xx_hal_rcc_ex.o
 .debug_aranges
                0x00000000000006b8      0x3e0 ./Drivers/STM32G4xx_HAL_Driver/Src/stm32g4xx_hal_tim.o
 .debug_aranges
                0x0000000000000a98      0x240 ./Drivers/STM32G4xx_HAL_Driver/Src/stm32g4xx_hal_tim_ex.o
 .debug_aranges
                0x0000000000000cd8      0x248 ./Drivers/STM32G4xx_HAL_Driver/Src/stm32g4xx_hal_uart.o
 .debug_aranges
                0x0000000000000f20       0xa0 ./Drivers/STM32G4xx_HAL_Driver/Src/stm32g4xx_hal_uart_ex.o

.debug_ranges   0x0000000000000000      0xf08
 .debug_ranges  0x0000000000000000       0x58 ./Core/Src/main.o
 .debug_ranges  0x0000000000000058       0x38 ./Core/Src/stm32g4xx_hal_msp.o
 .debug_ranges  0x0000000000000090       0x80 ./Core/Src/stm32g4xx_it.o
 .debug_ranges  0x0000000000000110       0x18 ./Core/Src/system_stm32g4xx.o
 .debug_ranges  0x0000000000000128       0x20 ./Core/Startup/startup_stm32g431rbtx.o
 .debug_ranges  0x0000000000000148      0x120 ./Drivers/STM32G4xx_HAL_Driver/Src/stm32g4xx_hal.o
 .debug_ranges  0x0000000000000268      0x108 ./Drivers/STM32G4xx_HAL_Driver/Src/stm32g4xx_hal_cortex.o
 .debug_ranges  0x0000000000000370       0x48 ./Drivers/STM32G4xx_HAL_Driver/Src/stm32g4xx_hal_gpio.o
 .debug_ranges  0x00000000000003b8      0x130 ./Drivers/STM32G4xx_HAL_Driver/Src/stm32g4xx_hal_pwr_ex.o
 .debug_ranges  0x00000000000004e8       0x88 ./Drivers/STM32G4xx_HAL_Driver/Src/stm32g4xx_hal_rcc.o
 .debug_ranges  0x0000000000000570       0xa0 ./Drivers/STM32G4xx_HAL_Driver/Src/stm32g4xx_hal_rcc_ex.o
 .debug_ranges  0x0000000000000610      0x3d0 ./Drivers/STM32G4xx_HAL_Driver/Src/stm32g4xx_hal_tim.o
 .debug_ranges  0x00000000000009e0      0x230 ./Drivers/STM32G4xx_HAL_Driver/Src/stm32g4xx_hal_tim_ex.o
 .debug_ranges  0x0000000000000c10      0x268 ./Drivers/STM32G4xx_HAL_Driver/Src/stm32g4xx_hal_uart.o
 .debug_ranges  0x0000000000000e78       0x90 ./Drivers/STM32G4xx_HAL_Driver/Src/stm32g4xx_hal_uart_ex.o

.debug_macro    0x0000000000000000    0x1d4f0
 .debug_macro   0x0000000000000000      0x1fc ./Core/Src/main.o
 .debug_macro   0x00000000000001fc      0xa78 ./Core/Src/main.o
 .debug_macro   0x0000000000000c74      0x15b ./Core/Src/main.o
 .debug_macro   0x0000000000000dcf       0x2e ./Core/Src/main.o
 .debug_macro   0x0000000000000dfd       0x28 ./Core/Src/main.o
 .debug_macro   0x0000000000000e25       0x22 ./Core/Src/main.o
 .debug_macro   0x0000000000000e47       0x8e ./Core/Src/main.o
 .debug_macro   0x0000000000000ed5       0x51 ./Core/Src/main.o
 .debug_macro   0x0000000000000f26      0x103 ./Core/Src/main.o
 .debug_macro   0x0000000000001029       0x6a ./Core/Src/main.o
 .debug_macro   0x0000000000001093      0x1df ./Core/Src/main.o
 .debug_macro   0x0000000000001272       0x1c ./Core/Src/main.o
 .debug_macro   0x000000000000128e       0x22 ./Core/Src/main.o
 .debug_macro   0x00000000000012b0       0xfb ./Core/Src/main.o
 .debug_macro   0x00000000000013ab     0x1011 ./Core/Src/main.o
 .debug_macro   0x00000000000023bc      0x11f ./Core/Src/main.o
 .debug_macro   0x00000000000024db    0x11396 ./Core/Src/main.o
 .debug_macro   0x0000000000013871       0x6d ./Core/Src/main.o
 .debug_macro   0x00000000000138de     0x3554 ./Core/Src/main.o
 .debug_macro   0x0000000000016e32      0x174 ./Core/Src/main.o
 .debug_macro   0x0000000000016fa6       0x5c ./Core/Src/main.o
 .debug_macro   0x0000000000017002     0x141d ./Core/Src/main.o
 .debug_macro   0x000000000001841f      0x535 ./Core/Src/main.o
 .debug_macro   0x0000000000018954      0x1b6 ./Core/Src/main.o
 .debug_macro   0x0000000000018b0a      0x288 ./Core/Src/main.o
 .debug_macro   0x0000000000018d92      0x41d ./Core/Src/main.o
 .debug_macro   0x00000000000191af      0x18b ./Core/Src/main.o
 .debug_macro   0x000000000001933a       0x43 ./Core/Src/main.o
 .debug_macro   0x000000000001937d      0x23d ./Core/Src/main.o
 .debug_macro   0x00000000000195ba      0x211 ./Core/Src/main.o
 .debug_macro   0x00000000000197cb      0x401 ./Core/Src/main.o
 .debug_macro   0x0000000000019bcc      0x107 ./Core/Src/main.o
 .debug_macro   0x0000000000019cd3      0x122 ./Core/Src/main.o
 .debug_macro   0x0000000000019df5      0x3d1 ./Core/Src/main.o
 .debug_macro   0x000000000001a1c6      0xbbe ./Core/Src/main.o
 .debug_macro   0x000000000001ad84      0x47e ./Core/Src/main.o
 .debug_macro   0x000000000001b202      0x67e ./Core/Src/main.o
 .debug_macro   0x000000000001b880       0xa6 ./Core/Src/main.o
 .debug_macro   0x000000000001b926      0x306 ./Core/Src/main.o
 .debug_macro   0x000000000001bc2c      0x1d8 ./Core/Src/stm32g4xx_hal_msp.o
 .debug_macro   0x000000000001be04      0x1e2 ./Core/Src/stm32g4xx_it.o
 .debug_macro   0x000000000001bfe6      0x1ce ./Core/Src/system_stm32g4xx.o
 .debug_macro   0x000000000001c1b4      0x21c ./Drivers/STM32G4xx_HAL_Driver/Src/stm32g4xx_hal.o
 .debug_macro   0x000000000001c3d0      0x1ce ./Drivers/STM32G4xx_HAL_Driver/Src/stm32g4xx_hal_cortex.o
 .debug_macro   0x000000000001c59e      0x1d5 ./Drivers/STM32G4xx_HAL_Driver/Src/stm32g4xx_hal_gpio.o
 .debug_macro   0x000000000001c773      0x1f8 ./Drivers/STM32G4xx_HAL_Driver/Src/stm32g4xx_hal_pwr_ex.o
 .debug_macro   0x000000000001c96b      0x210 ./Drivers/STM32G4xx_HAL_Driver/Src/stm32g4xx_hal_rcc.o
 .debug_macro   0x000000000001cb7b      0x1f8 ./Drivers/STM32G4xx_HAL_Driver/Src/stm32g4xx_hal_rcc_ex.o
 .debug_macro   0x000000000001cd73      0x1d6 ./Drivers/STM32G4xx_HAL_Driver/Src/stm32g4xx_hal_tim.o
 .debug_macro   0x000000000001cf49      0x1d4 ./Drivers/STM32G4xx_HAL_Driver/Src/stm32g4xx_hal_tim_ex.o
 .debug_macro   0x000000000001d11d      0x1f9 ./Drivers/STM32G4xx_HAL_Driver/Src/stm32g4xx_hal_uart.o
 .debug_macro   0x000000000001d316      0x1da ./Drivers/STM32G4xx_HAL_Driver/Src/stm32g4xx_hal_uart_ex.o

.debug_line     0x0000000000000000    0x12618
 .debug_line    0x0000000000000000      0xb62 ./Core/Src/main.o
 .debug_line    0x0000000000000b62      0x8c4 ./Core/Src/stm32g4xx_hal_msp.o
 .debug_line    0x0000000000001426      0x950 ./Core/Src/stm32g4xx_it.o
 .debug_line    0x0000000000001d76      0x864 ./Core/Src/system_stm32g4xx.o
 .debug_line    0x00000000000025da       0x89 ./Core/Startup/startup_stm32g431rbtx.o
 .debug_line    0x0000000000002663      0xbdb ./Drivers/STM32G4xx_HAL_Driver/Src/stm32g4xx_hal.o
 .debug_line    0x000000000000323e      0xd8e ./Drivers/STM32G4xx_HAL_Driver/Src/stm32g4xx_hal_cortex.o
 .debug_line    0x0000000000003fcc      0xc1e ./Drivers/STM32G4xx_HAL_Driver/Src/stm32g4xx_hal_gpio.o
 .debug_line    0x0000000000004bea      0xd92 ./Drivers/STM32G4xx_HAL_Driver/Src/stm32g4xx_hal_pwr_ex.o
 .debug_line    0x000000000000597c      0xff1 ./Drivers/STM32G4xx_HAL_Driver/Src/stm32g4xx_hal_rcc.o
 .debug_line    0x000000000000696d     0x11b4 ./Drivers/STM32G4xx_HAL_Driver/Src/stm32g4xx_hal_rcc_ex.o
 .debug_line    0x0000000000007b21     0x3ee2 ./Drivers/STM32G4xx_HAL_Driver/Src/stm32g4xx_hal_tim.o
 .debug_line    0x000000000000ba03     0x215e ./Drivers/STM32G4xx_HAL_Driver/Src/stm32g4xx_hal_tim_ex.o
 .debug_line    0x000000000000db61     0x3c31 ./Drivers/STM32G4xx_HAL_Driver/Src/stm32g4xx_hal_uart.o
 .debug_line    0x0000000000011792      0xe86 ./Drivers/STM32G4xx_HAL_Driver/Src/stm32g4xx_hal_uart_ex.o

.debug_str      0x0000000000000000    0xc1f67
 .debug_str     0x0000000000000000    0xbdf69 ./Core/Src/main.o
                                      0xbe324 (size before relaxing)
 .debug_str     0x00000000000bdf69      0x252 ./Core/Src/stm32g4xx_hal_msp.o
                                      0xbdbdb (size before relaxing)
 .debug_str     0x00000000000be1bb      0x14e ./Core/Src/stm32g4xx_it.o
                                      0xbd041 (size before relaxing)
 .debug_str     0x00000000000be309       0xdb ./Core/Src/system_stm32g4xx.o
                                      0xbd128 (size before relaxing)
 .debug_str     0x00000000000be3e4       0x36 ./Core/Startup/startup_stm32g431rbtx.o
                                         0x5b (size before relaxing)
 .debug_str     0x00000000000be41a      0x5bc ./Drivers/STM32G4xx_HAL_Driver/Src/stm32g4xx_hal.o
                                      0xbdc40 (size before relaxing)
 .debug_str     0x00000000000be9d6      0x331 ./Drivers/STM32G4xx_HAL_Driver/Src/stm32g4xx_hal_cortex.o
                                      0xbd8eb (size before relaxing)
 .debug_str     0x00000000000bed07       0xeb ./Drivers/STM32G4xx_HAL_Driver/Src/stm32g4xx_hal_gpio.o
                                      0xbd2b3 (size before relaxing)
 .debug_str     0x00000000000bedf2      0x4a5 ./Drivers/STM32G4xx_HAL_Driver/Src/stm32g4xx_hal_pwr_ex.o
                                      0xbd616 (size before relaxing)
 .debug_str     0x00000000000bf297      0x4e0 ./Drivers/STM32G4xx_HAL_Driver/Src/stm32g4xx_hal_rcc.o
                                      0xbd821 (size before relaxing)
 .debug_str     0x00000000000bf777      0x40b ./Drivers/STM32G4xx_HAL_Driver/Src/stm32g4xx_hal_rcc_ex.o
                                      0xbd822 (size before relaxing)
 .debug_str     0x00000000000bfb82      0xea6 ./Drivers/STM32G4xx_HAL_Driver/Src/stm32g4xx_hal_tim.o
                                      0xbe616 (size before relaxing)
 .debug_str     0x00000000000c0a28      0x910 ./Drivers/STM32G4xx_HAL_Driver/Src/stm32g4xx_hal_tim_ex.o
                                      0xbe29a (size before relaxing)
 .debug_str     0x00000000000c1338      0x9e5 ./Drivers/STM32G4xx_HAL_Driver/Src/stm32g4xx_hal_uart.o
                                      0xbe0bb (size before relaxing)
 .debug_str     0x00000000000c1d1d      0x24a ./Drivers/STM32G4xx_HAL_Driver/Src/stm32g4xx_hal_uart_ex.o
                                      0xbd89f (size before relaxing)

.comment        0x0000000000000000       0x50
 .comment       0x0000000000000000       0x50 ./Core/Src/main.o
                                         0x51 (size before relaxing)
 .comment       0x0000000000000050       0x51 ./Core/Src/stm32g4xx_hal_msp.o
 .comment       0x0000000000000050       0x51 ./Core/Src/stm32g4xx_it.o
 .comment       0x0000000000000050       0x51 ./Core/Src/system_stm32g4xx.o
 .comment       0x0000000000000050       0x51 ./Drivers/STM32G4xx_HAL_Driver/Src/stm32g4xx_hal.o
 .comment       0x0000000000000050       0x51 ./Drivers/STM32G4xx_HAL_Driver/Src/stm32g4xx_hal_cortex.o
 .comment       0x0000000000000050       0x51 ./Drivers/STM32G4xx_HAL_Driver/Src/stm32g4xx_hal_gpio.o
 .comment       0x0000000000000050       0x51 ./Drivers/STM32G4xx_HAL_Driver/Src/stm32g4xx_hal_pwr_ex.o
 .comment       0x0000000000000050       0x51 ./Drivers/STM32G4xx_HAL_Driver/Src/stm32g4xx_hal_rcc.o
 .comment       0x0000000000000050       0x51 ./Drivers/STM32G4xx_HAL_Driver/Src/stm32g4xx_hal_rcc_ex.o
 .comment       0x0000000000000050       0x51 ./Drivers/STM32G4xx_HAL_Driver/Src/stm32g4xx_hal_tim.o
 .comment       0x0000000000000050       0x51 ./Drivers/STM32G4xx_HAL_Driver/Src/stm32g4xx_hal_tim_ex.o
 .comment       0x0000000000000050       0x51 ./Drivers/STM32G4xx_HAL_Driver/Src/stm32g4xx_hal_uart.o
 .comment       0x0000000000000050       0x51 ./Drivers/STM32G4xx_HAL_Driver/Src/stm32g4xx_hal_uart_ex.o

.debug_frame    0x0000000000000000     0x4500
 .debug_frame   0x0000000000000000      0x160 ./Core/Src/main.o
 .debug_frame   0x0000000000000160       0xf0 ./Core/Src/stm32g4xx_hal_msp.o
 .debug_frame   0x0000000000000250      0x1ac ./Core/Src/stm32g4xx_it.o
 .debug_frame   0x00000000000003fc       0x58 ./Core/Src/system_stm32g4xx.o
 .debug_frame   0x0000000000000454      0x4a0 ./Drivers/STM32G4xx_HAL_Driver/Src/stm32g4xx_hal.o
 .debug_frame   0x00000000000008f4      0x498 ./Drivers/STM32G4xx_HAL_Driver/Src/stm32g4xx_hal_cortex.o
 .debug_frame   0x0000000000000d8c      0x14c ./Drivers/STM32G4xx_HAL_Driver/Src/stm32g4xx_hal_gpio.o
 .debug_frame   0x0000000000000ed8      0x4fc ./Drivers/STM32G4xx_HAL_Driver/Src/stm32g4xx_hal_pwr_ex.o
 .debug_frame   0x00000000000013d4      0x23c ./Drivers/STM32G4xx_HAL_Driver/Src/stm32g4xx_hal_rcc.o
 .debug_frame   0x0000000000001610      0x2ac ./Drivers/STM32G4xx_HAL_Driver/Src/stm32g4xx_hal_rcc_ex.o
 .debug_frame   0x00000000000018bc     0x121c ./Drivers/STM32G4xx_HAL_Driver/Src/stm32g4xx_hal_tim.o
 .debug_frame   0x0000000000002ad8      0xa68 ./Drivers/STM32G4xx_HAL_Driver/Src/stm32g4xx_hal_tim_ex.o
 .debug_frame   0x0000000000003540      0xa94 ./Drivers/STM32G4xx_HAL_Driver/Src/stm32g4xx_hal_uart.o
 .debug_frame   0x0000000000003fd4      0x29c ./Drivers/STM32G4xx_HAL_Driver/Src/stm32g4xx_hal_uart_ex.o
 .debug_frame   0x0000000000004270       0x2c d:/program files (x86)/st/stm32cubeide_1.9.0stm32cubeide_1.9.0/stm32cubeide/plugins/com.st.stm32cube.ide.mcu.externaltools.gnu-tools-for-stm32.10.3-2021.10.win32_1.0.0.202111181127/tools/bin/../lib/gcc/arm-none-eabi/10.3.1/../../../../arm-none-eabi/lib/thumb/v7e-m+fp/hard\libc_nano.a(lib_a-init.o)
 .debug_frame   0x000000000000429c       0x20 d:/program files (x86)/st/stm32cubeide_1.9.0stm32cubeide_1.9.0/stm32cubeide/plugins/com.st.stm32cube.ide.mcu.externaltools.gnu-tools-for-stm32.10.3-2021.10.win32_1.0.0.202111181127/tools/bin/../lib/gcc/arm-none-eabi/10.3.1/../../../../arm-none-eabi/lib/thumb/v7e-m+fp/hard\libc_nano.a(lib_a-memset.o)
 .debug_frame   0x00000000000042bc       0xac d:/program files (x86)/st/stm32cubeide_1.9.0stm32cubeide_1.9.0/stm32cubeide/plugins/com.st.stm32cube.ide.mcu.externaltools.gnu-tools-for-stm32.10.3-2021.10.win32_1.0.0.202111181127/tools/bin/../lib/gcc/arm-none-eabi/10.3.1/thumb/v7e-m+fp/hard\libgcc.a(_arm_addsubdf3.o)
 .debug_frame   0x0000000000004368       0x50 d:/program files (x86)/st/stm32cubeide_1.9.0stm32cubeide_1.9.0/stm32cubeide/plugins/com.st.stm32cube.ide.mcu.externaltools.gnu-tools-for-stm32.10.3-2021.10.win32_1.0.0.202111181127/tools/bin/../lib/gcc/arm-none-eabi/10.3.1/thumb/v7e-m+fp/hard\libgcc.a(_arm_muldivdf3.o)
 .debug_frame   0x00000000000043b8       0xc4 d:/program files (x86)/st/stm32cubeide_1.9.0stm32cubeide_1.9.0/stm32cubeide/plugins/com.st.stm32cube.ide.mcu.externaltools.gnu-tools-for-stm32.10.3-2021.10.win32_1.0.0.202111181127/tools/bin/../lib/gcc/arm-none-eabi/10.3.1/thumb/v7e-m+fp/hard\libgcc.a(_arm_cmpdf2.o)
 .debug_frame   0x000000000000447c       0x24 d:/program files (x86)/st/stm32cubeide_1.9.0stm32cubeide_1.9.0/stm32cubeide/plugins/com.st.stm32cube.ide.mcu.externaltools.gnu-tools-for-stm32.10.3-2021.10.win32_1.0.0.202111181127/tools/bin/../lib/gcc/arm-none-eabi/10.3.1/thumb/v7e-m+fp/hard\libgcc.a(_arm_fixunsdfsi.o)
 .debug_frame   0x00000000000044a0       0x2c d:/program files (x86)/st/stm32cubeide_1.9.0stm32cubeide_1.9.0/stm32cubeide/plugins/com.st.stm32cube.ide.mcu.externaltools.gnu-tools-for-stm32.10.3-2021.10.win32_1.0.0.202111181127/tools/bin/../lib/gcc/arm-none-eabi/10.3.1/thumb/v7e-m+fp/hard\libgcc.a(_aeabi_uldivmod.o)
 .debug_frame   0x00000000000044cc       0x34 d:/program files (x86)/st/stm32cubeide_1.9.0stm32cubeide_1.9.0/stm32cubeide/plugins/com.st.stm32cube.ide.mcu.externaltools.gnu-tools-for-stm32.10.3-2021.10.win32_1.0.0.202111181127/tools/bin/../lib/gcc/arm-none-eabi/10.3.1/thumb/v7e-m+fp/hard\libgcc.a(_udivmoddi4.o)
