../Core/Src/main.c:115:6:setPWM	32	static
../Core/Src/main.c:125:6:init_piano	16	static
../Core/Src/main.c:135:6:HAL_GPIO_EXTI_Callback	24	static
../Core/Src/main.c:172:6:play_music	40	static
../Core/Src/main.c:211:5:main	8	static
../Core/Src/main.c:271:6:SystemClock_Config	88	static
../Core/Src/main.c:317:13:MX_LPUART1_UART_Init	8	static
../Core/Src/main.c:364:13:MX_TIM3_Init	64	static
../Core/Src/main.c:423:13:MX_GPIO_Init	48	static
../Core/Src/main.c:482:6:Error_Handler	4	static,ignoring_inline_asm
