../Core/Src/main.c:134:6:setPWM	32	static
../Core/Src/main.c:144:6:init_buzzer	16	static
../Core/Src/main.c:156:6:HAL_GPIO_EXTI_Callback	24	static
../Core/Src/main.c:194:6:play_music	48	static
../Core/Src/main.c:238:5:main	8	static
../Core/Src/main.c:292:6:SystemClock_Config	88	static
../Core/Src/main.c:338:13:MX_LPUART1_UART_Init	8	static
../Core/Src/main.c:385:13:MX_TIM3_Init	64	static
../Core/Src/main.c:444:13:MX_GPIO_Init	48	static
../Core/Src/main.c:503:6:Error_Handler	4	static,ignoring_inline_asm
